123.45.67.89 - - [09/Jan/2009:12:49:17 +0000] "GET / HTTP/1.1" 200 304 "" "Mozilla/5.0 (Macintosh; U; Intel Mac OS X 10_5_6; en-us) AppleWebKit/528.5+ (KHTML, like Gecko) Version/3.2.1 Safari/525.27.1"
123.45.67.89 - - [09/Jan/2009:12:49:17 +0000] "GET /img/logo.gif HTTP/1.1" 200 570 "" "Mozilla/5.0 (Macintosh; U; Intel Mac OS X 10_5_6; en-us) AppleWebKit/528.5+ (KHTML, like Gecko) Version/3.2.1 Safari/525.27.1"
123.45.67.89 - - [09/Jan/2009:12:49:17 +0000] "GET /css/css.css HTTP/1.1" 200 124 "" "Mozilla/5.0 (Macintosh; U; Intel Mac OS X 10_5_6; en-us) AppleWebKit/528.5+ (KHTML, like Gecko) Version/3.2.1 Safari/525.27.1"
